[main 7fb2c9e] update config files
 4 files changed, 20 insertions(+), 6 deletions(-)
 create mode 100644 linux/cronjobs/update_config_repo.log
 mode change 100644 => 100755 linux/cronjobs/update_config_repo.sh
git@github.com: Permission denied (publickey).
fatal: Could not read from remote repository.

Please make sure you have the correct access rights
and the repository exists.
[main 1f79991] update config files
 1 file changed, 9 insertions(+)
git@github.com: Permission denied (publickey).
fatal: Could not read from remote repository.

Please make sure you have the correct access rights
and the repository exists.
[main 563dd8d] update config files
 4 files changed, 27 insertions(+), 3 deletions(-)
git@github.com: Permission denied (publickey).
fatal: Could not read from remote repository.

Please make sure you have the correct access rights
and the repository exists.
[main dbbe513] update config files
 2 files changed, 10 insertions(+)
git@github.com: Permission denied (publickey).
fatal: Could not read from remote repository.

Please make sure you have the correct access rights
and the repository exists.
[main 485aed7] update config files
 1 file changed, 7 insertions(+)
git@github.com: Permission denied (publickey).
fatal: Could not read from remote repository.

Please make sure you have the correct access rights
and the repository exists.
[main 7da5276] update config files
 1 file changed, 7 insertions(+)
git@github.com: Permission denied (publickey).
fatal: Could not read from remote repository.

Please make sure you have the correct access rights
and the repository exists.
[main ca1203e] update config files
 1 file changed, 7 insertions(+)
git@github.com: Permission denied (publickey).
fatal: Could not read from remote repository.

Please make sure you have the correct access rights
and the repository exists.
[main 72f07cf] update config files
 2 files changed, 8 insertions(+)
git@github.com: Permission denied (publickey).
fatal: Could not read from remote repository.

Please make sure you have the correct access rights
and the repository exists.
[main 633772b] update config files
 1 file changed, 7 insertions(+)
git@github.com: Permission denied (publickey).
fatal: Could not read from remote repository.

Please make sure you have the correct access rights
and the repository exists.
[main 3a349a4] update config files
 1 file changed, 7 insertions(+)
git@github.com: Permission denied (publickey).
fatal: Could not read from remote repository.

Please make sure you have the correct access rights
and the repository exists.
[main dba668c] update config files
 1 file changed, 7 insertions(+)
git@github.com: Permission denied (publickey).
fatal: Could not read from remote repository.

Please make sure you have the correct access rights
and the repository exists.
[main 34052d8] update config files
 1 file changed, 7 insertions(+)
git@github.com: Permission denied (publickey).
fatal: Could not read from remote repository.

Please make sure you have the correct access rights
and the repository exists.
[main f67d4e5] update config files
 1 file changed, 1 insertion(+)
git@github.com: Permission denied (publickey).
fatal: Could not read from remote repository.

Please make sure you have the correct access rights
and the repository exists.
[main 202d921] update config files
 1 file changed, 7 insertions(+)
git@github.com: Permission denied (publickey).
fatal: Could not read from remote repository.

Please make sure you have the correct access rights
and the repository exists.
[main 5173553] update config files
 1 file changed, 7 insertions(+)
git@github.com: Permission denied (publickey).
fatal: Could not read from remote repository.

Please make sure you have the correct access rights
and the repository exists.
[main cc8f43e] update config files
 1 file changed, 7 insertions(+)
git@github.com: Permission denied (publickey).
fatal: Could not read from remote repository.

Please make sure you have the correct access rights
and the repository exists.
[main 3f3b6f6] update config files
 1 file changed, 7 insertions(+)
git@github.com: Permission denied (publickey).
fatal: Could not read from remote repository.

Please make sure you have the correct access rights
and the repository exists.
